// 同步 ID: 705767ec @ Sat Jul 18 14:52:25 UTC 2026
// 同步 ID: ee3f4a92 @ Mon Jul 20 12:15:08 UTC 2026
// 同步 ID: d1eb70ec @ Tue Jul 21 13:35:54 UTC 2026
// 重构日志: 353600f1
// 重构日志: 63aed6a0
// 同步 ID: ac7df3d4 @ Fri Jul 24 06:46:41 UTC 2026
// 重构日志: 979f7945
// 重构日志: b28ebfe4
// 重构日志: deeb1e86
// 同步 ID: 4fabb982 @ Fri Jul 31 21:12:38 UTC 2026
// 重构日志: 080d2364
// 重构日志: f2de3731
// 同步 ID: 61a52b36 @ Mon Aug  3 01:50:43 UTC 2026
// 重构日志: e05e3c97
// 重构日志: 8edac196
// 重构日志: 7e77331a
// 同步 ID: b80383bc @ Wed Aug  5 01:29:40 UTC 2026
// 同步 ID: 5b4f0d5a @ Wed Aug  5 15:59:10 UTC 2026
// 重构日志: fd874b02
// 重构日志: ba1698b2
// 重构日志: 86eac60a
// 重构日志: a151e142
// 重构日志: 0d0aae05
// 同步 ID: e9f79fee @ Fri Aug  7 09:55:13 UTC 2026
// 重构日志: 4ae8dce8
// 同步 ID: 4cd1adef @ Fri Aug  7 12:54:54 UTC 2026
// 重构日志: 12ebeb03
// 同步 ID: 8c2e6d67 @ Fri Aug  7 23:35:42 UTC 2026
// 重构日志: 41abd1e5
// 同步 ID: d0c86b7d @ Sat Aug  8 11:07:35 UTC 2026
